[ +755 ms] Unable to locate an Android SDK.
[  +30 ms] Artifact Instance of 'MaterialFonts' is not required, skipping update.
[        ] Artifact Instance of 'GradleWrapper' is not required, skipping update.
[        ] Artifact Instance of 'AndroidGenSnapshotArtifacts' is not required, skipping update.
[        ] Artifact Instance of 'AndroidInternalBuildArtifacts' is not required, skipping update.
[        ] Artifact Instance of 'IOSEngineArtifacts' is not required, skipping update.
[        ] Artifact Instance of 'FlutterWebSdk' is not required, skipping update.
[   +1 ms] Artifact Instance of 'LegacyCanvasKitRemover' is not required, skipping update.
[        ] Artifact Instance of 'FlutterSdk' is not required, skipping update.
[        ] Artifact Instance of 'WindowsEngineArtifacts' is not required, skipping update.
[        ] Artifact Instance of 'MacOSEngineArtifacts' is not required, skipping update.
[        ] Artifact Instance of 'LinuxEngineArtifacts' is not required, skipping update.
[        ] Artifact Instance of 'LinuxFuchsiaSDKArtifacts' is not required, skipping update.
[        ] Artifact Instance of 'MacOSFuchsiaSDKArtifacts' is not required, skipping update.
[        ] Artifact Instance of 'FlutterRunnerSDKArtifacts' is not required, skipping update.
[        ] Artifact Instance of 'FlutterRunnerDebugSymbols' is not required, skipping update.
[        ] Artifact Instance of 'IosUsbArtifacts' is not required, skipping update.
[        ] Artifact Instance of 'IosUsbArtifacts' is not required, skipping update.
[        ] Artifact Instance of 'IosUsbArtifacts' is not required, skipping update.
[        ] Artifact Instance of 'IosUsbArtifacts' is not required, skipping update.
[        ] Artifact Instance of 'IosUsbArtifacts' is not required, skipping update.
[        ] Artifact Instance of 'IosUsbArtifacts' is not required, skipping update.
[        ] Artifact Instance of 'FontSubsetArtifacts' is not required, skipping update.
[        ] Artifact Instance of 'PubDependencies' is not required, skipping update.
[        ] executing: [F:\tools\flutter/] git -c log.showSignature=false log HEAD -n 1 --pretty=format:%ad --date=iso
[ +128 ms] Exit code 0 from: git -c log.showSignature=false log HEAD -n 1 --pretty=format:%ad --date=iso
[        ] 2025-12-11 11:50:07 -0500
[  +21 ms] Artifact Instance of 'AndroidGenSnapshotArtifacts' is not required, skipping update.
[        ] Artifact Instance of 'AndroidInternalBuildArtifacts' is not required, skipping update.
[        ] Artifact Instance of 'IOSEngineArtifacts' is not required, skipping update.
[        ] Artifact Instance of 'FlutterWebSdk' is not required, skipping update.
[        ] Artifact Instance of 'FlutterEngineStamp' is not required, skipping update.
[        ] Artifact Instance of 'LegacyCanvasKitRemover' is not required, skipping update.
[   +4 ms] Artifact Instance of 'WindowsEngineArtifacts' is not required, skipping update.
[        ] Artifact Instance of 'MacOSEngineArtifacts' is not required, skipping update.
[        ] Artifact Instance of 'LinuxEngineArtifacts' is not required, skipping update.
[        ] Artifact Instance of 'LinuxFuchsiaSDKArtifacts' is not required, skipping update.
[        ] Artifact Instance of 'MacOSFuchsiaSDKArtifacts' is not required, skipping update.
[        ] Artifact Instance of 'FlutterRunnerSDKArtifacts' is not required, skipping update.
[        ] Artifact Instance of 'FlutterRunnerDebugSymbols' is not required, skipping update.
[  +80 ms] Artifact Instance of 'MaterialFonts' is not required, skipping update.
[        ] Artifact Instance of 'GradleWrapper' is not required, skipping update.
[        ] Artifact Instance of 'AndroidGenSnapshotArtifacts' is not required, skipping update.
[        ] Artifact Instance of 'AndroidInternalBuildArtifacts' is not required, skipping update.
[        ] Artifact Instance of 'IOSEngineArtifacts' is not required, skipping update.
[        ] Artifact Instance of 'FlutterWebSdk' is not required, skipping update.
[        ] Artifact Instance of 'FlutterEngineStamp' is not required, skipping update.
[        ] Artifact Instance of 'LegacyCanvasKitRemover' is not required, skipping update.
[        ] Artifact Instance of 'FlutterSdk' is not required, skipping update.
[   +4 ms] Artifact Instance of 'MacOSEngineArtifacts' is not required, skipping update.
[        ] Artifact Instance of 'LinuxEngineArtifacts' is not required, skipping update.
[        ] Artifact Instance of 'LinuxFuchsiaSDKArtifacts' is not required, skipping update.
[        ] Artifact Instance of 'MacOSFuchsiaSDKArtifacts' is not required, skipping update.
[        ] Artifact Instance of 'FlutterRunnerSDKArtifacts' is not required, skipping update.
[        ] Artifact Instance of 'FlutterRunnerDebugSymbols' is not required, skipping update.
[        ] Artifact Instance of 'IosUsbArtifacts' is not required, skipping update.
[        ] Artifact Instance of 'IosUsbArtifacts' is not required, skipping update.
[        ] Artifact Instance of 'IosUsbArtifacts' is not required, skipping update.
[        ] Artifact Instance of 'IosUsbArtifacts' is not required, skipping update.
[        ] Artifact Instance of 'IosUsbArtifacts' is not required, skipping update.
[        ] Artifact Instance of 'IosUsbArtifacts' is not required, skipping update.
[        ] Artifact Instance of 'FontSubsetArtifacts' is not required, skipping update.
[        ] Artifact Instance of 'PubDependencies' is not required, skipping update.
[  +35 ms] Skipping pub get: version match.
[ +222 ms] Found plugin window_manager at C:\Users\nacho\AppData\Local\Pub\Cache\hosted\pub.dev\window_manager-0.5.1\
[   +9 ms] Found plugin screen_retriever at C:\Users\nacho\AppData\Local\Pub\Cache\hosted\pub.dev\screen_retriever-0.2.0\
[   +2 ms] Found plugin screen_retriever_windows at C:\Users\nacho\AppData\Local\Pub\Cache\hosted\pub.dev\screen_retriever_windows-0.2.0\
[   +6 ms] Found plugin screen_retriever_macos at C:\Users\nacho\AppData\Local\Pub\Cache\hosted\pub.dev\screen_retriever_macos-0.2.0\
[   +1 ms] Found plugin screen_retriever_linux at C:\Users\nacho\AppData\Local\Pub\Cache\hosted\pub.dev\screen_retriever_linux-0.2.0\
[   +5 ms] Found plugin video_player_win at C:\Users\nacho\AppData\Local\Pub\Cache\hosted\pub.dev\video_player_win-3.2.2\
[   +8 ms] Found plugin video_player at C:\Users\nacho\AppData\Local\Pub\Cache\hosted\pub.dev\video_player-2.10.1\
[   +2 ms] Found plugin video_player_web at C:\Users\nacho\AppData\Local\Pub\Cache\hosted\pub.dev\video_player_web-2.4.0\
[   +9 ms] Found plugin video_player_avfoundation at C:\Users\nacho\AppData\Local\Pub\Cache\hosted\pub.dev\video_player_avfoundation-2.8.9\
[   +2 ms] Found plugin video_player_android at C:\Users\nacho\AppData\Local\Pub\Cache\hosted\pub.dev\video_player_android-2.9.1\
[   +6 ms] Found plugin url_launcher at C:\Users\nacho\AppData\Local\Pub\Cache\hosted\pub.dev\url_launcher-6.3.2\
[   +1 ms] Found plugin url_launcher_windows at C:\Users\nacho\AppData\Local\Pub\Cache\hosted\pub.dev\url_launcher_windows-3.1.5\
[   +4 ms] Found plugin url_launcher_web at C:\Users\nacho\AppData\Local\Pub\Cache\hosted\pub.dev\url_launcher_web-2.4.1\
[   +3 ms] Found plugin url_launcher_macos at C:\Users\nacho\AppData\Local\Pub\Cache\hosted\pub.dev\url_launcher_macos-3.2.5\
[   +2 ms] Found plugin url_launcher_linux at C:\Users\nacho\AppData\Local\Pub\Cache\hosted\pub.dev\url_launcher_linux-3.2.2\
[   +2 ms] Found plugin url_launcher_ios at C:\Users\nacho\AppData\Local\Pub\Cache\hosted\pub.dev\url_launcher_ios-6.3.6\
[   +3 ms] Found plugin url_launcher_android at C:\Users\nacho\AppData\Local\Pub\Cache\hosted\pub.dev\url_launcher_android-6.3.28\
[  +34 ms] Found plugin shared_preferences at C:\Users\nacho\AppData\Local\Pub\Cache\hosted\pub.dev\shared_preferences-2.5.4\
[   +2 ms] Found plugin shared_preferences_windows at C:\Users\nacho\AppData\Local\Pub\Cache\hosted\pub.dev\shared_preferences_windows-2.4.1\
[   +4 ms] Found plugin path_provider_windows at C:\Users\nacho\AppData\Local\Pub\Cache\hosted\pub.dev\path_provider_windows-2.3.0\
[   +5 ms] Found plugin shared_preferences_web at C:\Users\nacho\AppData\Local\Pub\Cache\hosted\pub.dev\shared_preferences_web-2.4.3\
[   +1 ms] Found plugin shared_preferences_linux at C:\Users\nacho\AppData\Local\Pub\Cache\hosted\pub.dev\shared_preferences_linux-2.4.1\
[   +2 ms] Found plugin path_provider_linux at C:\Users\nacho\AppData\Local\Pub\Cache\hosted\pub.dev\path_provider_linux-2.2.1\
[   +3 ms] Found plugin shared_preferences_foundation at C:\Users\nacho\AppData\Local\Pub\Cache\hosted\pub.dev\shared_preferences_foundation-2.5.6\
[   +2 ms] Found plugin shared_preferences_android at C:\Users\nacho\AppData\Local\Pub\Cache\hosted\pub.dev\shared_preferences_android-2.4.18\
[   +2 ms] Found plugin path_provider at C:\Users\nacho\AppData\Local\Pub\Cache\hosted\pub.dev\path_provider-2.1.5\
[   +2 ms] Found plugin path_provider_foundation at C:\Users\nacho\AppData\Local\Pub\Cache\hosted\pub.dev\path_provider_foundation-2.5.1\
[   +2 ms] Found plugin path_provider_android at C:\Users\nacho\AppData\Local\Pub\Cache\hosted\pub.dev\path_provider_android-2.2.22\
[   +2 ms] Found plugin app_links at C:\Users\nacho\AppData\Local\Pub\Cache\hosted\pub.dev\app_links-6.4.1\
[   +2 ms] Found plugin app_links_web at C:\Users\nacho\AppData\Local\Pub\Cache\hosted\pub.dev\app_links_web-1.0.4\
[   +4 ms] Found plugin app_links_linux at C:\Users\nacho\AppData\Local\Pub\Cache\hosted\pub.dev\app_links_linux-1.0.3\
[   +2 ms] Found plugin gtk at C:\Users\nacho\AppData\Local\Pub\Cache\hosted\pub.dev\gtk-2.1.0\
[   +1 ms] Found plugin sqlite3_flutter_libs at C:\Users\nacho\AppData\Local\Pub\Cache\hosted\pub.dev\sqlite3_flutter_libs-0.5.41\
[   +4 ms] Found plugin rive_native at C:\Users\nacho\AppData\Local\Pub\Cache\hosted\pub.dev\rive_native-0.1.0\
[ +139 ms] Found plugin window_manager at C:\Users\nacho\AppData\Local\Pub\Cache\hosted\pub.dev\window_manager-0.5.1\
[   +1 ms] Found plugin screen_retriever at C:\Users\nacho\AppData\Local\Pub\Cache\hosted\pub.dev\screen_retriever-0.2.0\
[   +1 ms] Found plugin screen_retriever_windows at C:\Users\nacho\AppData\Local\Pub\Cache\hosted\pub.dev\screen_retriever_windows-0.2.0\
[   +3 ms] Found plugin screen_retriever_macos at C:\Users\nacho\AppData\Local\Pub\Cache\hosted\pub.dev\screen_retriever_macos-0.2.0\
[   +1 ms] Found plugin screen_retriever_linux at C:\Users\nacho\AppData\Local\Pub\Cache\hosted\pub.dev\screen_retriever_linux-0.2.0\
[   +1 ms] Found plugin video_player_win at C:\Users\nacho\AppData\Local\Pub\Cache\hosted\pub.dev\video_player_win-3.2.2\
[   +2 ms] Found plugin video_player at C:\Users\nacho\AppData\Local\Pub\Cache\hosted\pub.dev\video_player-2.10.1\
[   +1 ms] Found plugin video_player_web at C:\Users\nacho\AppData\Local\Pub\Cache\hosted\pub.dev\video_player_web-2.4.0\
[   +2 ms] Found plugin video_player_avfoundation at C:\Users\nacho\AppData\Local\Pub\Cache\hosted\pub.dev\video_player_avfoundation-2.8.9\
[   +1 ms] Found plugin video_player_android at C:\Users\nacho\AppData\Local\Pub\Cache\hosted\pub.dev\video_player_android-2.9.1\
[   +5 ms] Found plugin url_launcher at C:\Users\nacho\AppData\Local\Pub\Cache\hosted\pub.dev\url_launcher-6.3.2\
[   +1 ms] Found plugin url_launcher_windows at C:\Users\nacho\AppData\Local\Pub\Cache\hosted\pub.dev\url_launcher_windows-3.1.5\
[   +2 ms] Found plugin url_launcher_web at C:\Users\nacho\AppData\Local\Pub\Cache\hosted\pub.dev\url_launcher_web-2.4.1\
[   +1 ms] Found plugin url_launcher_macos at C:\Users\nacho\AppData\Local\Pub\Cache\hosted\pub.dev\url_launcher_macos-3.2.5\
[   +1 ms] Found plugin url_launcher_linux at C:\Users\nacho\AppData\Local\Pub\Cache\hosted\pub.dev\url_launcher_linux-3.2.2\
[   +1 ms] Found plugin url_launcher_ios at C:\Users\nacho\AppData\Local\Pub\Cache\hosted\pub.dev\url_launcher_ios-6.3.6\
[   +1 ms] Found plugin url_launcher_android at C:\Users\nacho\AppData\Local\Pub\Cache\hosted\pub.dev\url_launcher_android-6.3.28\
[  +19 ms] Found plugin shared_preferences at C:\Users\nacho\AppData\Local\Pub\Cache\hosted\pub.dev\shared_preferences-2.5.4\
[   +1 ms] Found plugin shared_preferences_windows at C:\Users\nacho\AppData\Local\Pub\Cache\hosted\pub.dev\shared_preferences_windows-2.4.1\
[   +2 ms] Found plugin path_provider_windows at C:\Users\nacho\AppData\Local\Pub\Cache\hosted\pub.dev\path_provider_windows-2.3.0\
[   +3 ms] Found plugin shared_preferences_web at C:\Users\nacho\AppData\Local\Pub\Cache\hosted\pub.dev\shared_preferences_web-2.4.3\
[   +1 ms] Found plugin shared_preferences_linux at C:\Users\nacho\AppData\Local\Pub\Cache\hosted\pub.dev\shared_preferences_linux-2.4.1\
[   +1 ms] Found plugin path_provider_linux at C:\Users\nacho\AppData\Local\Pub\Cache\hosted\pub.dev\path_provider_linux-2.2.1\
[   +2 ms] Found plugin shared_preferences_foundation at C:\Users\nacho\AppData\Local\Pub\Cache\hosted\pub.dev\shared_preferences_foundation-2.5.6\
[   +1 ms] Found plugin shared_preferences_android at C:\Users\nacho\AppData\Local\Pub\Cache\hosted\pub.dev\shared_preferences_android-2.4.18\
[   +1 ms] Found plugin path_provider at C:\Users\nacho\AppData\Local\Pub\Cache\hosted\pub.dev\path_provider-2.1.5\
[   +1 ms] Found plugin path_provider_foundation at C:\Users\nacho\AppData\Local\Pub\Cache\hosted\pub.dev\path_provider_foundation-2.5.1\
[   +1 ms] Found plugin path_provider_android at C:\Users\nacho\AppData\Local\Pub\Cache\hosted\pub.dev\path_provider_android-2.2.22\
[   +1 ms] Found plugin app_links at C:\Users\nacho\AppData\Local\Pub\Cache\hosted\pub.dev\app_links-6.4.1\
[   +1 ms] Found plugin app_links_web at C:\Users\nacho\AppData\Local\Pub\Cache\hosted\pub.dev\app_links_web-1.0.4\
[   +2 ms] Found plugin app_links_linux at C:\Users\nacho\AppData\Local\Pub\Cache\hosted\pub.dev\app_links_linux-1.0.3\
[   +1 ms] Found plugin gtk at C:\Users\nacho\AppData\Local\Pub\Cache\hosted\pub.dev\gtk-2.1.0\
[   +1 ms] Found plugin sqlite3_flutter_libs at C:\Users\nacho\AppData\Local\Pub\Cache\hosted\pub.dev\sqlite3_flutter_libs-0.5.41\
[   +3 ms] Found plugin rive_native at C:\Users\nacho\AppData\Local\Pub\Cache\hosted\pub.dev\rive_native-0.1.0\
[  +33 ms] Skipping generating web_plugin_registrant.dart because it is up-to-date.
[  +89 ms] Found plugin window_manager at C:\Users\nacho\AppData\Local\Pub\Cache\hosted\pub.dev\window_manager-0.5.1\
[   +1 ms] Found plugin screen_retriever at C:\Users\nacho\AppData\Local\Pub\Cache\hosted\pub.dev\screen_retriever-0.2.0\
[   +1 ms] Found plugin screen_retriever_windows at C:\Users\nacho\AppData\Local\Pub\Cache\hosted\pub.dev\screen_retriever_windows-0.2.0\
[   +3 ms] Found plugin screen_retriever_macos at C:\Users\nacho\AppData\Local\Pub\Cache\hosted\pub.dev\screen_retriever_macos-0.2.0\
[   +1 ms] Found plugin screen_retriever_linux at C:\Users\nacho\AppData\Local\Pub\Cache\hosted\pub.dev\screen_retriever_linux-0.2.0\
[   +1 ms] Found plugin video_player_win at C:\Users\nacho\AppData\Local\Pub\Cache\hosted\pub.dev\video_player_win-3.2.2\
[   +2 ms] Found plugin video_player at C:\Users\nacho\AppData\Local\Pub\Cache\hosted\pub.dev\video_player-2.10.1\
[   +1 ms] Found plugin video_player_web at C:\Users\nacho\AppData\Local\Pub\Cache\hosted\pub.dev\video_player_web-2.4.0\
[   +2 ms] Found plugin video_player_avfoundation at C:\Users\nacho\AppData\Local\Pub\Cache\hosted\pub.dev\video_player_avfoundation-2.8.9\
[   +1 ms] Found plugin video_player_android at C:\Users\nacho\AppData\Local\Pub\Cache\hosted\pub.dev\video_player_android-2.9.1\
[   +4 ms] Found plugin url_launcher at C:\Users\nacho\AppData\Local\Pub\Cache\hosted\pub.dev\url_launcher-6.3.2\
[   +1 ms] Found plugin url_launcher_windows at C:\Users\nacho\AppData\Local\Pub\Cache\hosted\pub.dev\url_launcher_windows-3.1.5\
[   +2 ms] Found plugin url_launcher_web at C:\Users\nacho\AppData\Local\Pub\Cache\hosted\pub.dev\url_launcher_web-2.4.1\
[   +1 ms] Found plugin url_launcher_macos at C:\Users\nacho\AppData\Local\Pub\Cache\hosted\pub.dev\url_launcher_macos-3.2.5\
[   +1 ms] Found plugin url_launcher_linux at C:\Users\nacho\AppData\Local\Pub\Cache\hosted\pub.dev\url_launcher_linux-3.2.2\
[   +1 ms] Found plugin url_launcher_ios at C:\Users\nacho\AppData\Local\Pub\Cache\hosted\pub.dev\url_launcher_ios-6.3.6\
[   +3 ms] Found plugin url_launcher_android at C:\Users\nacho\AppData\Local\Pub\Cache\hosted\pub.dev\url_launcher_android-6.3.28\
[  +19 ms] Found plugin shared_preferences at C:\Users\nacho\AppData\Local\Pub\Cache\hosted\pub.dev\shared_preferences-2.5.4\
[   +1 ms] Found plugin shared_preferences_windows at C:\Users\nacho\AppData\Local\Pub\Cache\hosted\pub.dev\shared_preferences_windows-2.4.1\
[   +2 ms] Found plugin path_provider_windows at C:\Users\nacho\AppData\Local\Pub\Cache\hosted\pub.dev\path_provider_windows-2.3.0\
[   +4 ms] Found plugin shared_preferences_web at C:\Users\nacho\AppData\Local\Pub\Cache\hosted\pub.dev\shared_preferences_web-2.4.3\
[   +1 ms] Found plugin shared_preferences_linux at C:\Users\nacho\AppData\Local\Pub\Cache\hosted\pub.dev\shared_preferences_linux-2.4.1\
[   +1 ms] Found plugin path_provider_linux at C:\Users\nacho\AppData\Local\Pub\Cache\hosted\pub.dev\path_provider_linux-2.2.1\
[   +2 ms] Found plugin shared_preferences_foundation at C:\Users\nacho\AppData\Local\Pub\Cache\hosted\pub.dev\shared_preferences_foundation-2.5.6\
[   +1 ms] Found plugin shared_preferences_android at C:\Users\nacho\AppData\Local\Pub\Cache\hosted\pub.dev\shared_preferences_android-2.4.18\
[   +1 ms] Found plugin path_provider at C:\Users\nacho\AppData\Local\Pub\Cache\hosted\pub.dev\path_provider-2.1.5\
[   +1 ms] Found plugin path_provider_foundation at C:\Users\nacho\AppData\Local\Pub\Cache\hosted\pub.dev\path_provider_foundation-2.5.1\
[   +1 ms] Found plugin path_provider_android at C:\Users\nacho\AppData\Local\Pub\Cache\hosted\pub.dev\path_provider_android-2.2.22\
[   +1 ms] Found plugin app_links at C:\Users\nacho\AppData\Local\Pub\Cache\hosted\pub.dev\app_links-6.4.1\
[   +1 ms] Found plugin app_links_web at C:\Users\nacho\AppData\Local\Pub\Cache\hosted\pub.dev\app_links_web-1.0.4\
[   +2 ms] Found plugin app_links_linux at C:\Users\nacho\AppData\Local\Pub\Cache\hosted\pub.dev\app_links_linux-1.0.3\
[   +1 ms] Found plugin gtk at C:\Users\nacho\AppData\Local\Pub\Cache\hosted\pub.dev\gtk-2.1.0\
[   +1 ms] Found plugin sqlite3_flutter_libs at C:\Users\nacho\AppData\Local\Pub\Cache\hosted\pub.dev\sqlite3_flutter_libs-0.5.41\
[   +2 ms] Found plugin rive_native at C:\Users\nacho\AppData\Local\Pub\Cache\hosted\pub.dev\rive_native-0.1.0\
[  +21 ms] Skipping generating generated_plugin_registrant.h because it is up-to-date.
[   +2 ms] Skipping generating generated_plugin_registrant.cc because it is up-to-date.
[   +2 ms] Skipping generating generated_plugins.cmake because it is up-to-date.
[ +102 ms] executing: C:\Program Files (x86)\Microsoft Visual Studio\Installer\vswhere.exe -format json -products * -utf8 -latest -version 16 -requires Microsoft.VisualStudio.Workload.NativeDesktop Microsoft.VisualStudio.Component.VC.Tools.x86.x64 Microsoft.VisualStudio.Component.VC.CMake.Project
[  +94 ms] Exit code 0 from: C:\Program Files (x86)\Microsoft Visual Studio\Installer\vswhere.exe -format json -products * -utf8 -latest -version 16 -requires Microsoft.VisualStudio.Workload.NativeDesktop Microsoft.VisualStudio.Component.VC.Tools.x86.x64 Microsoft.VisualStudio.Component.VC.CMake.Project
[   +1 ms] [
             {
               "instanceId": "e1d113ab",
               "installDate": "2026-01-12T14:29:28Z",
               "installationName": "VisualStudio/18.1.1+11312.151",
               "installationPath": "C:\\Program Files\\Microsoft Visual Studio\\18\\Enterprise",
               "installationVersion": "18.1.11312.151",
               "productId": "Microsoft.VisualStudio.Product.Enterprise",
               "productPath": "C:\\Program Files\\Microsoft Visual Studio\\18\\Enterprise\\Common7\\IDE\\devenv.exe",
               "state": 4294967295,
               "isComplete": true,
               "isLaunchable": true,
               "isPrerelease": false,
               "isRebootRequired": false,
               "displayName": "Visual Studio Enterprise 2026",
               "description": "Built for scale, security, and speed ÔÇô the IDE for complex, high-impact development.",
               "channelId": "VisualStudio.18.Release",
               "channelUri": "https://aka.ms/vs/18/stable/channel",
               "enginePath": "C:\\Program Files (x86)\\Microsoft Visual Studio\\Installer\\resources\\app\\ServiceHub\\Services\\Microsoft.VisualStudio.Setup.Service",
               "expirationDate": "2026-06-10T17:00:00+00:00",
               "installedChannelId": "VisualStudio.18.Release",
               "installedChannelUri": "https://aka.ms/vs/18/stable/channel",
               "releaseNotes": "https://docs.microsoft.com/en-us/visualstudio/releases/18/release-notes-v18.1#18.1.1",
               "resolvedInstallationPath": "C:\\Program Files\\Microsoft Visual Studio\\18\\Enterprise",
               "thirdPartyNotices": "https://go.microsoft.com/fwlink/?LinkId=661480",
               "updateDate": "2026-01-12T14:29:28.0454911Z",
               "catalog": {
                 "buildBranch": "d18.0",
                 "buildVersion": "18.1.11312.151",
                 "featureReleaseMonth": "12",
                 "featureReleaseYear": "2025",
                 "id": "VisualStudio/18.1.1+11312.151",
                 "includeBuildVersionInDisplayVersion": "False",
                 "localBuild": "build-lab",
                 "manifestName": "VisualStudio",
                 "manifestType": "installer",
                 "productDisplayVersion": "18.1.1",
                 "productLine": "Dev18",
                 "productLineVersion": "18",
                 "productMilestone": "RTW",
                 "productMilestoneIsPreRelease": "False",
                 "productName": "Visual Studio",
                 "productPatchVersion": "1",
                 "productPreReleaseMilestoneSuffix": "1.0",
                 "productRelease": "RTW",
                 "productSemanticVersion": "18.1.1+11312.151",
                 "requiredEngineVersion": "4.0.2168.39045"
               },
               "properties": {
                 "appLocalWPF": "true",
                 "campaignId": "",
                 "channelManifestId": "VisualStudio.18.Release/18.1.1+11312.151",
                 "includeRecommended": "1",
                 "nickname": "",
                 "setupEngineFilePath": "C:\\Program Files (x86)\\Microsoft Visual Studio\\Installer\\setup.exe"
               }
             }
           ]
[  +18 ms] Building Windows application...
[  +13 ms] executing: C:\Program Files\Microsoft Visual Studio\18\Enterprise\Common7\IDE\CommonExtensions\Microsoft\CMake\CMake\bin\cmake.exe -S F:\Portafolio\crystaltides\apps\launcher\windows -B F:\Portafolio\crystaltides\apps\launcher\build\windows\x64 -G Visual Studio 18 2026 -A x64 -DFLUTTER_TARGET_PLATFORM=windows-x64
[ +159 ms] -- Selecting Windows SDK version 10.0.26100.0 to target Windows 10.0.19045.
[ +782 ms] -- rive_native setup output: [rive_native]   Starting Rive Native Setup...
[        ] [rive_native]   Building rive_native with assumed project root in:
[        ] [rive_native]   F:\Portafolio\crystaltides\apps\launcher\
[        ] [rive_native]   Using package:rive_native from C:\Users\nacho\AppData\Local\Pub\Cache\hosted\pub.dev\rive_native-0.1.0
[        ] [rive_native]   Found Flutter app root at: F:\Portafolio\crystaltides\apps\launcher
[        ] [rive_native]   rive_native libraries already present for windows. Not building/downloading libraries.
[        ] [rive_native]   
[        ] [rive_native]   To force a rebuild/download, run with `--clean`
[+1489 ms] -- Configuring done (2.3s)
[+1466 ms] -- Generating done (1.4s)
[  +34 ms] -- Build files have been written to: F:/Portafolio/crystaltides/apps/launcher/build/windows/x64
[  +37 ms] executing: C:\Program Files\Microsoft Visual Studio\18\Enterprise\Common7\IDE\CommonExtensions\Microsoft\CMake\CMake\bin\cmake.exe --build F:\Portafolio\crystaltides\apps\launcher\build\windows\x64 --config Debug --target INSTALL --verbose
[ +150 ms] Change Dir: 'F:/Portafolio/crystaltides/apps/launcher/build/windows/x64'
[        ] Run Build Command(s): "C:/Program Files/Microsoft Visual Studio/18/Enterprise/MSBuild/Current/Bin/amd64/MSBuild.exe" INSTALL.vcxproj /p:Configuration=Debug /p:Platform=x64 /p:VisualStudioVersion=18.0 /v:n
[ +131 ms] Versi├│n de MSBuild 18.0.5+e22287bf1 para .NET Framework
[  +68 ms] Compilaci├│n iniciada a las 31-01-2026 21:34:44.
[ +367 ms] Proyecto "F:\Portafolio\crystaltides\apps\launcher\build\windows\x64\INSTALL.vcxproj" en nodo 1 (destinos predeterminados).
[        ] El proyecto "F:\Portafolio\crystaltides\apps\launcher\build\windows\x64\INSTALL.vcxproj" (1) est├í compilando "F:\Portafolio\crystaltides\apps\launcher\build\windows\x64\ZERO_CHECK.vcxproj" (2) en el nodo 1 (destinos predeterminados).
[        ] PrepareForBuild:
[        ]   Structured output is enabled. The formatting of compiler diagnostics will reflect the error hierarchy. See https://aka.ms/cpp/structured-output for more details.
[   +7 ms] InitializeBuildStatus:
[        ]   Se crear├í "x64\Debug\ZERO_CHECK\ZERO_CHECK.tlog\unsuccessfulbuild" porque se especific├│ "AlwaysCreate".
[        ]   Aplicando tarea Touch a "x64\Debug\ZERO_CHECK\ZERO_CHECK.tlog\unsuccessfulbuild".
[  +28 ms] CustomBuild:
[        ]   Todas las salidas est├ín actualizadas.
[  +49 ms] FinalizeBuildStatus:
[        ]   Se eliminar├í el archivo "x64\Debug\ZERO_CHECK\ZERO_CHECK.tlog\unsuccessfulbuild".
[        ]   Aplicando tarea Touch a "x64\Debug\ZERO_CHECK\ZERO_CHECK.tlog\ZERO_CHECK.lastbuildstate".
[   +1 ms] Compilaci├│n del proyecto terminada "F:\Portafolio\crystaltides\apps\launcher\build\windows\x64\ZERO_CHECK.vcxproj" (destinos predeterminados).
[ +146 ms] El proyecto "F:\Portafolio\crystaltides\apps\launcher\build\windows\x64\INSTALL.vcxproj" (1) est├í compilando "F:\Portafolio\crystaltides\apps\launcher\build\windows\x64\ALL_BUILD.vcxproj" (3) en el nodo 1 (destinos predeterminados).
[        ] El proyecto "F:\Portafolio\crystaltides\apps\launcher\build\windows\x64\ALL_BUILD.vcxproj" (3) est├í compilando "F:\Portafolio\crystaltides\apps\launcher\build\windows\x64\plugins\video_player_win\video_player_win_DEPENDENCIES_DOWNLOAD.vcxproj" (4) en el nodo 1 (destinos predeterminados).
[        ] PrepareForBuild:
[        ]   Structured output is enabled. The formatting of compiler diagnostics will reflect the error hierarchy. See https://aka.ms/cpp/structured-output for more details.
[   +1 ms] InitializeBuildStatus:
[        ]   Se crear├í "x64\Debug\video_player_win_DEPENDENCIES_DOWNLOAD\video_pl.15CE2C5C.tlog\unsuccessfulbuild" porque se especific├│ "AlwaysCreate".
[        ]   Aplicando tarea Touch a "x64\Debug\video_player_win_DEPENDENCIES_DOWNLOAD\video_pl.15CE2C5C.tlog\unsuccessfulbuild".
[ +180 ms] FinalizeBuildStatus:
[        ]   Se eliminar├í el archivo "x64\Debug\video_player_win_DEPENDENCIES_DOWNLOAD\video_pl.15CE2C5C.tlog\unsuccessfulbuild".
[        ]   Aplicando tarea Touch a "x64\Debug\video_player_win_DEPENDENCIES_DOWNLOAD\video_pl.15CE2C5C.tlog\video_player_win_DEPENDENCIES_DOWNLOAD.lastbuildstate".
[        ] Compilaci├│n del proyecto terminada "F:\Portafolio\crystaltides\apps\launcher\build\windows\x64\plugins\video_player_win\video_player_win_DEPENDENCIES_DOWNLOAD.vcxproj" (destinos predeterminados).
[ +107 ms] El proyecto "F:\Portafolio\crystaltides\apps\launcher\build\windows\x64\ALL_BUILD.vcxproj" (3) est├í compilando "F:\Portafolio\crystaltides\apps\launcher\build\windows\x64\plugins\app_links\app_links_plugin.vcxproj" (5) en el nodo 1 (destinos predeterminados).
[        ] El proyecto "F:\Portafolio\crystaltides\apps\launcher\build\windows\x64\plugins\app_links\app_links_plugin.vcxproj" (5) est├í compilando "F:\Portafolio\crystaltides\apps\launcher\build\windows\x64\flutter\flutter_assemble.vcxproj" (6) en el nodo 1 (destinos predeterminados).
[        ] PrepareForBuild:
[        ]   Structured output is enabled. The formatting of compiler diagnostics will reflect the error hierarchy. See https://aka.ms/cpp/structured-output for more details.
[        ] InitializeBuildStatus:
[        ]   Aplicando tarea Touch a "x64\Debug\flutter_assemble\flutter_assemble.tlog\unsuccessfulbuild".
[   +8 ms] CustomBuild:
[        ]   "The build of 'F:\Portafolio\crystaltides\apps\launcher\build\windows\x64\CMakeFiles\0b0b54e416bab43eee79819ead0dc7d6\flutter_assemble.rule' depends on 'F:\PORTAFOLIO\CRYSTALTIDES\APPS\LAUNCHER\WINDOWS\FLUTTER\EPHEMERAL\FLUTTER_WINDOWS.DLL' which is produced by the build of 'F:\Portafolio\crystaltides\apps\launcher\build\windows\x64\CMakeFiles\c21bd83c540e97cdf6940dded32122a6\flutter_windows.dll.rule'. The items cannot be built in parallel."
[  +91 ms]   Generating F:/Portafolio/crystaltides/apps/launcher/windows/flutter/ephemeral/flutter_windows.dll, F:/Portafolio/crystaltides/apps/launcher/windows/flutter/ephemeral/flutter_export.h, F:/Portafolio/crystaltides/apps/launcher/windows/flutter/ephemeral/flutter_windows.h, F:/Portafolio/crystaltides/apps/launcher/windows/flutter/ephemeral/flutter_messenger.h, F:/Portafolio/crystaltides/apps/launcher/windows/flutter/ephemeral/flutter_plugin_registrar.h, F:/Portafolio/crystaltides/apps/launcher/windows/flutter/ephemeral/flutter_texture_registrar.h, F:/Portafolio/crystaltides/apps/launcher/windows/flutter/ephemeral/cpp_client_wrapper/core_implementations.cc, F:/Portafolio/crystaltides/apps/launcher/windows/flutter/ephemeral/cpp_client_wrapper/standard_codec.cc, F:/Portafolio/crystaltides/apps/launcher/windows/flutter/ephemeral/cpp_client_wrapper/plugin_registrar.cc, F:/Portafolio/crystaltides/apps/launcher/windows/flutter/ephemeral/cpp_client_wrapper/flutter_engine.cc, F:/Portafolio/crystaltides/apps/launcher/windows/flutter/ephemeral/cpp_client_wrapper/flutter_view_controller.cc, _phony_
[+3235 ms]   [ +936 ms] Unable to locate an Android SDK.
[        ]   [  +20 ms] Artifact Instance of 'MaterialFonts' is not required, skipping update.
[        ]   [        ] Artifact Instance of 'GradleWrapper' is not required, skipping update.
[        ]   [        ] Artifact Instance of 'AndroidGenSnapshotArtifacts' is not required, skipping update.
[        ]   [        ] Artifact Instance of 'AndroidInternalBuildArtifacts' is not required, skipping update.
[        ]   [        ] Artifact Instance of 'IOSEngineArtifacts' is not required, skipping update.
[        ]   [        ] Artifact Instance of 'FlutterWebSdk' is not required, skipping update.
[   +1 ms]   [   +1 ms] Artifact Instance of 'LegacyCanvasKitRemover' is not required, skipping update.
[        ]   [        ] Artifact Instance of 'FlutterSdk' is not required, skipping update.
[        ]   [        ] Artifact Instance of 'WindowsEngineArtifacts' is not required, skipping update.
[        ]   [        ] Artifact Instance of 'MacOSEngineArtifacts' is not required, skipping update.
[        ]   [        ] Artifact Instance of 'LinuxEngineArtifacts' is not required, skipping update.
[        ]   [        ] Artifact Instance of 'LinuxFuchsiaSDKArtifacts' is not required, skipping update.
[        ]   [        ] Artifact Instance of 'MacOSFuchsiaSDKArtifacts' is not required, skipping update.
[        ]   [        ] Artifact Instance of 'FlutterRunnerSDKArtifacts' is not required, skipping update.
[        ]   [        ] Artifact Instance of 'FlutterRunnerDebugSymbols' is not required, skipping update.
[        ]   [        ] Artifact Instance of 'IosUsbArtifacts' is not required, skipping update.
[        ]   [        ] Artifact Instance of 'IosUsbArtifacts' is not required, skipping update.
[        ]   [        ] Artifact Instance of 'IosUsbArtifacts' is not required, skipping update.
[        ]   [        ] Artifact Instance of 'IosUsbArtifacts' is not required, skipping update.
[        ]   [        ] Artifact Instance of 'IosUsbArtifacts' is not required, skipping update.
[        ]   [        ] Artifact Instance of 'IosUsbArtifacts' is not required, skipping update.
[        ]   [        ] Artifact Instance of 'FontSubsetArtifacts' is not required, skipping update.
[        ]   [        ] Artifact Instance of 'PubDependencies' is not required, skipping update.
[  +18 ms]   [  +20 ms] Artifact Instance of 'AndroidGenSnapshotArtifacts' is not required, skipping update.
[        ]   [        ] Artifact Instance of 'AndroidInternalBuildArtifacts' is not required, skipping update.
[        ]   [        ] Artifact Instance of 'IOSEngineArtifacts' is not required, skipping update.
[        ]   [        ] Artifact Instance of 'FlutterWebSdk' is not required, skipping update.
[        ]   [        ] Artifact Instance of 'FlutterEngineStamp' is not required, skipping update.
[        ]   [        ] Artifact Instance of 'LegacyCanvasKitRemover' is not required, skipping update.
[   +4 ms]   [   +5 ms] Artifact Instance of 'WindowsEngineArtifacts' is not required, skipping update.
[        ]   [        ] Artifact Instance of 'MacOSEngineArtifacts' is not required, skipping update.
[        ]   [        ] Artifact Instance of 'LinuxEngineArtifacts' is not required, skipping update.
[        ]   [        ] Artifact Instance of 'LinuxFuchsiaSDKArtifacts' is not required, skipping update.
[        ]   [        ] Artifact Instance of 'MacOSFuchsiaSDKArtifacts' is not required, skipping update.
[        ]   [        ] Artifact Instance of 'FlutterRunnerSDKArtifacts' is not required, skipping update.
[        ]   [        ] Artifact Instance of 'FlutterRunnerDebugSymbols' is not required, skipping update.
[ +111 ms]   [ +111 ms] Artifact Instance of 'MaterialFonts' is not required, skipping update.
[        ]   [        ] Artifact Instance of 'GradleWrapper' is not required, skipping update.
[        ]   [        ] Artifact Instance of 'AndroidGenSnapshotArtifacts' is not required, skipping update.
[        ]   [        ] Artifact Instance of 'AndroidInternalBuildArtifacts' is not required, skipping update.
[        ]   [        ] Artifact Instance of 'IOSEngineArtifacts' is not required, skipping update.
[        ]   [        ] Artifact Instance of 'FlutterWebSdk' is not required, skipping update.
[        ]   [        ] Artifact Instance of 'FlutterEngineStamp' is not required, skipping update.
[        ]   [        ] Artifact Instance of 'LegacyCanvasKitRemover' is not required, skipping update.
[        ]   [        ] Artifact Instance of 'FlutterSdk' is not required, skipping update.
[   +2 ms]   [   +4 ms] Artifact Instance of 'MacOSEngineArtifacts' is not required, skipping update.
[        ]   [        ] Artifact Instance of 'LinuxEngineArtifacts' is not required, skipping update.
[        ]   [        ] Artifact Instance of 'LinuxFuchsiaSDKArtifacts' is not required, skipping update.
[        ]   [        ] Artifact Instance of 'MacOSFuchsiaSDKArtifacts' is not required, skipping update.
[        ]   [        ] Artifact Instance of 'FlutterRunnerSDKArtifacts' is not required, skipping update.
[        ]   [        ] Artifact Instance of 'FlutterRunnerDebugSymbols' is not required, skipping update.
[        ]   [        ] Artifact Instance of 'IosUsbArtifacts' is not required, skipping update.
[        ]   [        ] Artifact Instance of 'IosUsbArtifacts' is not required, skipping update.
[        ]   [        ] Artifact Instance of 'IosUsbArtifacts' is not required, skipping update.
[        ]   [        ] Artifact Instance of 'IosUsbArtifacts' is not required, skipping update.
[        ]   [        ] Artifact Instance of 'IosUsbArtifacts' is not required, skipping update.
[        ]   [        ] Artifact Instance of 'IosUsbArtifacts' is not required, skipping update.
[        ]   [        ] Artifact Instance of 'FontSubsetArtifacts' is not required, skipping update.
[        ]   [        ] Artifact Instance of 'PubDependencies' is not required, skipping update.
[  +64 ms]   [  +66 ms] Initializing file store
[  +51 ms]   [  +51 ms] dart_build: Starting due to {}
[   +2 ms]   [   +2 ms] Skipping target: gen_localizations
[   +4 ms]   [   +4 ms] gen_dart_plugin_registrant: Starting due to {InvalidatedReasonKind.outputSetAddition: The following outputs were added to the output set: F:\Portafolio\crystaltides\apps\launcher\.dart_tool\flutter_build\dart_plugin_registrant.dart, InvalidatedReasonKind.inputChanged: The following inputs have updated contents: F:\Portafolio\crystaltides\apps\launcher\.dart_tool\package_config.json}
[   +6 ms]   [   +6 ms] unpack_windows: Starting due to {}
[ +446 ms]   [ +446 ms] unpack_windows: Complete
[+5464 ms]   [+5463 ms] No packages with native assets. Skipping native assets compilation.
[   +9 ms]   [  +10 ms] dart_build: Complete
[  +17 ms]   [  +18 ms] install_code_assets: Starting due to {}
[   +5 ms]   [   +5 ms] Writing native assets json to file:///F:/Portafolio/crystaltides/apps/launcher/.dart_tool/flutter_build/658ee353c2ed83e4c6369c5fdf795e7b/native_assets.json.
[   +6 ms]   [   +6 ms] Writing F:\Portafolio\crystaltides\apps\launcher\.dart_tool\flutter_build\658ee353c2ed83e4c6369c5fdf795e7b\native_assets.json done.
[   +1 ms]   [   +2 ms] install_code_assets: Complete
[  +51 ms]   [  +50 ms] Found plugin window_manager at C:\Users\nacho\AppData\Local\Pub\Cache\hosted\pub.dev\window_manager-0.5.1\
[   +7 ms]   [   +7 ms] Found plugin screen_retriever at C:\Users\nacho\AppData\Local\Pub\Cache\hosted\pub.dev\screen_retriever-0.2.0\
[   +1 ms]   [   +1 ms] Found plugin screen_retriever_windows at C:\Users\nacho\AppData\Local\Pub\Cache\hosted\pub.dev\screen_retriever_windows-0.2.0\
[   +5 ms]   [   +5 ms] Found plugin screen_retriever_macos at C:\Users\nacho\AppData\Local\Pub\Cache\hosted\pub.dev\screen_retriever_macos-0.2.0\
[   +1 ms]   [   +1 ms] Found plugin screen_retriever_linux at C:\Users\nacho\AppData\Local\Pub\Cache\hosted\pub.dev\screen_retriever_linux-0.2.0\
[   +2 ms]   [   +2 ms] Found plugin video_player_win at C:\Users\nacho\AppData\Local\Pub\Cache\hosted\pub.dev\video_player_win-3.2.2\
[   +3 ms]   [   +3 ms] Found plugin video_player at C:\Users\nacho\AppData\Local\Pub\Cache\hosted\pub.dev\video_player-2.10.1\
[   +2 ms]   [   +2 ms] Found plugin video_player_web at C:\Users\nacho\AppData\Local\Pub\Cache\hosted\pub.dev\video_player_web-2.4.0\
[   +4 ms]   [   +4 ms] Found plugin video_player_avfoundation at C:\Users\nacho\AppData\Local\Pub\Cache\hosted\pub.dev\video_player_avfoundation-2.8.9\
[   +2 ms]   [   +2 ms] Found plugin video_player_android at C:\Users\nacho\AppData\Local\Pub\Cache\hosted\pub.dev\video_player_android-2.9.1\
[   +7 ms]   [   +7 ms] Found plugin url_launcher at C:\Users\nacho\AppData\Local\Pub\Cache\hosted\pub.dev\url_launcher-6.3.2\
[   +2 ms]   [   +2 ms] Found plugin url_launcher_windows at C:\Users\nacho\AppData\Local\Pub\Cache\hosted\pub.dev\url_launcher_windows-3.1.5\
[   +3 ms]   [   +3 ms] Found plugin url_launcher_web at C:\Users\nacho\AppData\Local\Pub\Cache\hosted\pub.dev\url_launcher_web-2.4.1\
[   +2 ms]   [   +2 ms] Found plugin url_launcher_macos at C:\Users\nacho\AppData\Local\Pub\Cache\hosted\pub.dev\url_launcher_macos-3.2.5\
[   +2 ms]   [   +2 ms] Found plugin url_launcher_linux at C:\Users\nacho\AppData\Local\Pub\Cache\hosted\pub.dev\url_launcher_linux-3.2.2\
[   +6 ms]   [   +6 ms] Found plugin url_launcher_ios at C:\Users\nacho\AppData\Local\Pub\Cache\hosted\pub.dev\url_launcher_ios-6.3.6\
[   +2 ms]   [   +2 ms] Found plugin url_launcher_android at C:\Users\nacho\AppData\Local\Pub\Cache\hosted\pub.dev\url_launcher_android-6.3.28\
[  +32 ms]   [  +32 ms] Found plugin shared_preferences at C:\Users\nacho\AppData\Local\Pub\Cache\hosted\pub.dev\shared_preferences-2.5.4\
[   +2 ms]   [   +2 ms] Found plugin shared_preferences_windows at C:\Users\nacho\AppData\Local\Pub\Cache\hosted\pub.dev\shared_preferences_windows-2.4.1\
[   +4 ms]   [   +4 ms] Found plugin path_provider_windows at C:\Users\nacho\AppData\Local\Pub\Cache\hosted\pub.dev\path_provider_windows-2.3.0\
[   +9 ms]   [   +9 ms] Found plugin shared_preferences_web at C:\Users\nacho\AppData\Local\Pub\Cache\hosted\pub.dev\shared_preferences_web-2.4.3\
[   +1 ms]   [   +1 ms] Found plugin shared_preferences_linux at C:\Users\nacho\AppData\Local\Pub\Cache\hosted\pub.dev\shared_preferences_linux-2.4.1\
[   +2 ms]   [   +2 ms] Found plugin path_provider_linux at C:\Users\nacho\AppData\Local\Pub\Cache\hosted\pub.dev\path_provider_linux-2.2.1\
[   +5 ms]   [   +5 ms] Found plugin shared_preferences_foundation at C:\Users\nacho\AppData\Local\Pub\Cache\hosted\pub.dev\shared_preferences_foundation-2.5.6\
[   +3 ms]   [   +3 ms] Found plugin shared_preferences_android at C:\Users\nacho\AppData\Local\Pub\Cache\hosted\pub.dev\shared_preferences_android-2.4.18\
[   +2 ms]   [   +2 ms] Found plugin path_provider at C:\Users\nacho\AppData\Local\Pub\Cache\hosted\pub.dev\path_provider-2.1.5\
[   +1 ms]   [   +1 ms] Found plugin path_provider_foundation at C:\Users\nacho\AppData\Local\Pub\Cache\hosted\pub.dev\path_provider_foundation-2.5.1\
[   +1 ms]   [   +1 ms] Found plugin path_provider_android at C:\Users\nacho\AppData\Local\Pub\Cache\hosted\pub.dev\path_provider_android-2.2.22\
[   +2 ms]   [   +2 ms] Found plugin app_links at C:\Users\nacho\AppData\Local\Pub\Cache\hosted\pub.dev\app_links-6.4.1\
[   +1 ms]   [   +2 ms] Found plugin app_links_web at C:\Users\nacho\AppData\Local\Pub\Cache\hosted\pub.dev\app_links_web-1.0.4\
[   +4 ms]   [   +4 ms] Found plugin app_links_linux at C:\Users\nacho\AppData\Local\Pub\Cache\hosted\pub.dev\app_links_linux-1.0.3\
[   +2 ms]   [   +2 ms] Found plugin gtk at C:\Users\nacho\AppData\Local\Pub\Cache\hosted\pub.dev\gtk-2.1.0\
[   +2 ms]   [   +2 ms] Found plugin sqlite3_flutter_libs at C:\Users\nacho\AppData\Local\Pub\Cache\hosted\pub.dev\sqlite3_flutter_libs-0.5.41\
[   +3 ms]   [   +3 ms] Found plugin rive_native at C:\Users\nacho\AppData\Local\Pub\Cache\hosted\pub.dev\rive_native-0.1.0\
[  +52 ms]   [  +52 ms] Skipping generating dart_plugin_registrant.dart because it is up-to-date.
[        ]   [        ] gen_dart_plugin_registrant: Complete
[   +4 ms]   [   +4 ms] kernel_snapshot_program: Starting due to {}
[  +16 ms]   [  +16 ms] F:\tools\flutter\bin\cache\dart-sdk\bin\dartaotruntime.exe F:\tools\flutter\bin\cache\dart-sdk\bin\snapshots\frontend_server_aot.dart.snapshot --sdk-root F:\tools\flutter\bin\cache\artifacts\engine\common\flutter_patched_sdk/ --target=flutter --no-print-incremental-dependencies -DFLUTTER_VERSION=3.38.5 -DFLUTTER_CHANNEL=stable -DFLUTTER_GIT_URL=https://github.com/flutter/flutter.git -DFLUTTER_FRAMEWORK_REVISION=f6ff1529fd -DFLUTTER_ENGINE_REVISION=1527ae0ec5 -DFLUTTER_DART_VERSION=3.10.4 -Ddart.vm.profile=false -Ddart.vm.product=false --enable-asserts --track-widget-creation --packages F:\Portafolio\crystaltides\apps\launcher\.dart_tool\package_config.json --output-dill F:\Portafolio\crystaltides\apps\launcher\.dart_tool\flutter_build\658ee353c2ed83e4c6369c5fdf795e7b\app.dill --depfile F:\Portafolio\crystaltides\apps\launcher\.dart_tool\flutter_build\658ee353c2ed83e4c6369c5fdf795e7b\kernel_snapshot_program.d --incremental --initialize-from-dill F:\Portafolio\crystaltides\apps\launcher\.dart_tool\flutter_build\658ee353c2ed83e4c6369c5fdf795e7b\app.dill --source file:///F:/Portafolio/crystaltides/apps/launcher/.dart_tool/flutter_build/dart_plugin_registrant.dart --source package:flutter/src/dart_plugin_registrant.dart -Dflutter.dart_plugin_registrant=file:///F:/Portafolio/crystaltides/apps/launcher/.dart_tool/flutter_build/dart_plugin_registrant.dart --verbosity=error package:launcher/main.dart
[+13162 ms]   [+13162 ms] kernel_snapshot_program: Complete
[+2087 ms]   [+2087 ms] debug_bundle_windows-x64_assets: Starting due to {}
[ +331 ms]   [ +331 ms] Manifest contained wildcard assets. Inserting missing file into build graph to force rerun. for more information see #56466.
[  +23 ms]   [  +23 ms] shaderc command: [F:\tools\flutter\bin\cache\artifacts\engine\windows-x64\impellerc.exe, --sksl, --runtime-stage-gles, --runtime-stage-gles3, --runtime-stage-vulkan, --iplr, --sl=F:\Portafolio\crystaltides\apps\launcher\build\flutter_assets\shaders/ink_sparkle.frag, --spirv=F:\Portafolio\crystaltides\apps\launcher\build\flutter_assets\shaders/ink_sparkle.frag.spirv, --input=F:\tools\flutter\packages\flutter\lib\src\material\shaders\ink_sparkle.frag, --input-type=frag, --include=F:\tools\flutter\packages\flutter\lib\src\material\shaders, --include=F:\tools\flutter\bin\cache\artifacts\engine\windows-x64\shader_lib]
[   +1 ms]   [   +2 ms] shaderc command: [F:\tools\flutter\bin\cache\artifacts\engine\windows-x64\impellerc.exe, --sksl, --runtime-stage-gles, --runtime-stage-gles3, --runtime-stage-vulkan, --iplr, --sl=F:\Portafolio\crystaltides\apps\launcher\build\flutter_assets\shaders/stretch_effect.frag, --spirv=F:\Portafolio\crystaltides\apps\launcher\build\flutter_assets\shaders/stretch_effect.frag.spirv, --input=F:\tools\flutter\packages\flutter\lib\src\material\shaders\stretch_effect.frag, --input-type=frag, --include=F:\tools\flutter\packages\flutter\lib\src\material\shaders, --include=F:\tools\flutter\bin\cache\artifacts\engine\windows-x64\shader_lib]
[+1288 ms]   [+1287 ms] Persisting file store
[  +21 ms]   [  +22 ms] Done persisting file store
[  +43 ms]   [  +41 ms] Target debug_bundle_windows-x64_assets failed: PathExistsException: Cannot copy file to 'F:\Portafolio\crystaltides\apps\launcher\build\flutter_assets\assets/images/server_icon.png', path = 'F:\Portafolio\crystaltides\apps\launcher\assets\images\server_icon.png' (OS Error: No se puede crear un archivo que ya existe, errno = 183)
[        ]              #0      _checkForErrorResponse (dart:io/common.dart:58:9)
[        ]              #1      _File.copy.<anonymous closure> (dart:io/file_impl.dart:410:7)
[        ]              #2      _rootRunUnary (dart:async/zone.dart:1538:47)
[        ]              #3      _CustomZone.runUnary (dart:async/zone.dart:1429:19)
[        ]              <asynchronous suspension>
[        ]              #4      ForwardingFile.copy (package:file/src/forwarding/forwarding_file.dart:29:51)
[        ]              <asynchronous suspension>
[        ]              #5      ForwardingFile.copy (package:file/src/forwarding/forwarding_file.dart:29:51)
[        ]              <asynchronous suspension>
[        ]              #6      copyAssets.<anonymous closure> (package:flutter_tools/src/build_system/targets/assets.dart:164:13)
[        ]              <asynchronous suspension>
[        ]              #7      Future.wait.<anonymous closure> (dart:async/future.dart:546:21)
[        ]              <asynchronous suspension>
[        ]              #8      copyAssets (package:flutter_tools/src/build_system/targets/assets.dart:111:3)
[        ]              <asynchronous suspension>
[        ]              #9      BundleWindowsAssets.build (package:flutter_tools/src/build_system/targets/windows.dart:147:29)
[        ]              <asynchronous suspension>
[        ]              #10     _BuildInstance._invokeInternal (package:flutter_tools/src/build_system/build_system.dart:895:9)
[        ]              <asynchronous suspension>
[        ]              #11     FlutterBuildSystem.build (package:flutter_tools/src/build_system/build_system.dart:653:16)
[        ]              <asynchronous suspension>
[        ]              #12     AssembleCommand.runCommand (package:flutter_tools/src/commands/assemble.dart:361:32)
[        ]              <asynchronous suspension>
[        ]              #13     FlutterCommand.run.<anonymous closure> (package:flutter_tools/src/runner/flutter_command.dart:1559:27)
[        ]              <asynchronous suspension>
[        ]              #14     AppContext.run.<anonymous closure> (package:flutter_tools/src/base/context.dart:154:19)
[        ]              <asynchronous suspension>
[        ]              #15     CommandRunner.runCommand (package:args/command_runner.dart:212:13)
[        ]              <asynchronous suspension>
[        ]              #16     FlutterCommandRunner.runCommand.<anonymous closure> (package:flutter_tools/src/runner/flutter_command_runner.dart:487:9)
[        ]              <asynchronous suspension>
[        ]              #17     AppContext.run.<anonymous closure> (package:flutter_tools/src/base/context.dart:154:19)
[        ]              <asynchronous suspension>
[        ]              #18     FlutterCommandRunner.runCommand (package:flutter_tools/src/runner/flutter_command_runner.dart:422:5)
[        ]              <asynchronous suspension>
[        ]              #19     run.<anonymous closure>.<anonymous closure> (package:flutter_tools/runner.dart:104:11)
[        ]              <asynchronous suspension>
[        ]              #20     AppContext.run.<anonymous closure> (package:flutter_tools/src/base/context.dart:154:19)
[        ]              <asynchronous suspension>
[        ]              #21     main (package:flutter_tools/executable.dart:103:3)
[        ]              <asynchronous suspension>
[   +5 ms]   [  +13 ms] "flutter assemble" took 23.458ms.
[ +113 ms]   [ +113 ms] 
[        ]              #0      throwToolExit (package:flutter_tools/src/base/common.dart:34:3)
[        ]              #1      AssembleCommand.runCommand (package:flutter_tools/src/commands/assemble.dart:379:7)
[        ]              <asynchronous suspension>
[        ]              #2      FlutterCommand.run.<anonymous closure> (package:flutter_tools/src/runner/flutter_command.dart:1559:27)
[        ]              <asynchronous suspension>
[        ]              #3      AppContext.run.<anonymous closure> (package:flutter_tools/src/base/context.dart:154:19)
[        ]              <asynchronous suspension>
[        ]              #4      CommandRunner.runCommand (package:args/command_runner.dart:212:13)
[        ]              <asynchronous suspension>
[        ]              #5      FlutterCommandRunner.runCommand.<anonymous closure> (package:flutter_tools/src/runner/flutter_command_runner.dart:487:9)
[        ]              <asynchronous suspension>
[        ]              #6      AppContext.run.<anonymous closure> (package:flutter_tools/src/base/context.dart:154:19)
[        ]              <asynchronous suspension>
[        ]              #7      FlutterCommandRunner.runCommand (package:flutter_tools/src/runner/flutter_command_runner.dart:422:5)
[        ]              <asynchronous suspension>
[        ]              #8      run.<anonymous closure>.<anonymous closure> (package:flutter_tools/runner.dart:104:11)
[        ]              <asynchronous suspension>
[        ]              #9      AppContext.run.<anonymous closure> (package:flutter_tools/src/base/context.dart:154:19)
[        ]              <asynchronous suspension>
[        ]              #10     main (package:flutter_tools/executable.dart:103:3)
[        ]              <asynchronous suspension>
[        ]   [        ] Running 1 shutdown hook
[        ]   [   +1 ms] Shutdown hooks complete
[  +31 ms]   [  +34 ms] exiting with code 1
flutter : [ +192 ms] C:\Program 
Files\Microsoft Visual Studio\18\Enterpris
e\MSBuild\Microsoft\VC\v180\Microsoft.CppC
ommon.targets(254,5): error MSB8066: 
Custom build for 'F:\Portafolio\crystaltid
es\apps\launcher\build\windows\x64\CMakeFi
les\c21bd83c540e97cdf6940dded32122a6\flutt
er_windows.dll.rule;F:\Portafolio\crystalt
ides\apps\launcher\build\windows\x64\CMake
Files\0b0b54e416bab43eee79819ead0dc7d6\flu
tter_assemble.rule' exited with code 1. [F
:\Portafolio\crystaltides\apps\launcher\bu
ild\windows\x64\flutter\flutter_assemble.v
cxproj]
En línea: 1 Carácter: 18
+ ... ter pub get; flutter build windows 
--debug -v > build_output.log 2>&1
+                  ~~~~~~~~~~~~~~~~~~~~~~~
~~~~~~~~~~~~~~~~~~~~~~~~~~~~~~~~~
    + CategoryInfo          : NotSpecifie 
   d: ([ +192 ms] C:\P...semble.vcxproj]  
  :String) [], RemoteException
    + FullyQualifiedErrorId : NativeComma 
   ndError
 
[   +2 ms] Compilaci├│n del proyecto terminada "F:\Portafolio\crystaltides\apps\launcher\build\windows\x64\flutter\flutter_assemble.vcxproj" (destinos predeterminados) -- ERROR.
[        ] Compilaci├│n del proyecto terminada "F:\Portafolio\crystaltides\apps\launcher\build\windows\x64\plugins\app_links\app_links_plugin.vcxproj" (destinos predeterminados) -- ERROR.
[ +307 ms] El proyecto "F:\Portafolio\crystaltides\apps\launcher\build\windows\x64\ALL_BUILD.vcxproj" (3) est├í compilando "F:\Portafolio\crystaltides\apps\launcher\build\windows\x64\plugins\sqlite3_flutter_libs\sqlite3.vcxproj" (12) en el nodo 1 (destinos predeterminados).
[        ] PrepareForBuild:
[        ]   Structured output is enabled. The formatting of compiler diagnostics will reflect the error hierarchy. See https://aka.ms/cpp/structured-output for more details.
[   +2 ms] InitializeBuildStatus:
[        ]   Se crear├í "sqlite3.dir\Debug\sqlite3.tlog\unsuccessfulbuild" porque se especific├│ "AlwaysCreate".
[        ]   Aplicando tarea Touch a "sqlite3.dir\Debug\sqlite3.tlog\unsuccessfulbuild".
[   +3 ms] CustomBuild:
[        ]   Todas las salidas est├ín actualizadas.
[  +76 ms] ClCompile:
[        ]   Todas las salidas est├ín actualizadas.
[  +65 ms] Link:
[        ]   Todas las salidas est├ín actualizadas.
[   +5 ms]   sqlite3.vcxproj -> F:\Portafolio\crystaltides\apps\launcher\build\windows\x64\plugins\sqlite3_flutter_libs\Debug\sqlite3.dll
[  +16 ms] FinalizeBuildStatus:
[        ]   Se eliminar├í el archivo "sqlite3.dir\Debug\sqlite3.tlog\unsuccessfulbuild".
[        ]   Aplicando tarea Touch a "sqlite3.dir\Debug\sqlite3.tlog\sqlite3.lastbuildstate".
[   +1 ms] Compilaci├│n del proyecto terminada "F:\Portafolio\crystaltides\apps\launcher\build\windows\x64\plugins\sqlite3_flutter_libs\sqlite3.vcxproj" (destinos predeterminados).
[ +206 ms] Compilaci├│n del proyecto terminada "F:\Portafolio\crystaltides\apps\launcher\build\windows\x64\ALL_BUILD.vcxproj" (destinos predeterminados) -- ERROR.
[        ] Compilaci├│n del proyecto terminada "F:\Portafolio\crystaltides\apps\launcher\build\windows\x64\INSTALL.vcxproj" (destinos predeterminados) -- ERROR.
[   +2 ms] ERROR al compilar.
[        ] "F:\Portafolio\crystaltides\apps\launcher\build\windows\x64\INSTALL.vcxproj" (destino predeterminado) (1) ->
[        ] "F:\Portafolio\crystaltides\apps\launcher\build\windows\x64\ALL_BUILD.vcxproj" (destino predeterminado) (3) ->
[        ] "F:\Portafolio\crystaltides\apps\launcher\build\windows\x64\plugins\app_links\app_links_plugin.vcxproj" (destino predeterminado) (5) ->
[        ] "F:\Portafolio\crystaltides\apps\launcher\build\windows\x64\flutter\flutter_assemble.vcxproj" (destino predeterminado) (6) ->
[        ] (CustomBuild destino) -> 
[        ]   C:\Program Files\Microsoft 
Visual Studio\18\Enterprise\MSBuild\Micros
oft\VC\v180\Microsoft.CppCommon.targets(25
4,5): error MSB8066: Custom build for 'F:\
Portafolio\crystaltides\apps\launcher\buil
d\windows\x64\CMakeFiles\c21bd83c540e97cdf
6940dded32122a6\flutter_windows.dll.rule;F
:\Portafolio\crystaltides\apps\launcher\bu
ild\windows\x64\CMakeFiles\0b0b54e416bab43
eee79819ead0dc7d6\flutter_assemble.rule' 
exited with code 1. [F:\Portafolio\crystal
tides\apps\launcher\build\windows\x64\flut
ter\flutter_assemble.vcxproj]
[        ]     0 Advertencia(s)
[        ]     1 Errores
[        ] Tiempo transcurrido 00:00:28.74
[  +52 ms] Building Windows application... (completed in 33,1s)
[   +1 ms] "flutter windows" took 34.332ms.
[ +118 ms] Build process failed.
[        ] 
           #0      throwToolExit (package:
flutter_tools/src/base/common.dart:34:3)
           #1      _runBuild (package:flut
ter_tools/src/windows/build_windows.dart:2
62:5)
           <asynchronous suspension>
           #2      buildWindows (package:f
lutter_tools/src/windows/build_windows.dar
t:118:5)
           <asynchronous suspension>
           #3      
BuildWindowsCommand.runCommand (package:fl
utter_tools/src/commands/build_windows.dar
t:72:5)
           <asynchronous suspension>
           #4      
FlutterCommand.run.<anonymous closure> (pa
ckage:flutter_tools/src/runner/flutter_com
mand.dart:1559:27)
           <asynchronous suspension>
           #5      
AppContext.run.<anonymous closure> (packag
e:flutter_tools/src/base/context.dart:154:
19)
           <asynchronous suspension>
           #6      
CommandRunner.runCommand 
(package:args/command_runner.dart:212:13)
           <asynchronous suspension>
           #7      FlutterCommandRunner.ru
nCommand.<anonymous closure> (package:flut
ter_tools/src/runner/flutter_command_runne
r.dart:487:9)
           <asynchronous suspension>
           #8      
AppContext.run.<anonymous closure> (packag
e:flutter_tools/src/base/context.dart:154:
19)
           <asynchronous suspension>
           #9      
FlutterCommandRunner.runCommand (package:f
lutter_tools/src/runner/flutter_command_ru
nner.dart:422:5)
           <asynchronous suspension>
           #10     run.<anonymous 
closure>.<anonymous closure> 
(package:flutter_tools/runner.dart:104:11)
           <asynchronous suspension>
           #11     
AppContext.run.<anonymous closure> (packag
e:flutter_tools/src/base/context.dart:154:
19)
           <asynchronous suspension>
           #12     main (package:flutter_t
ools/executable.dart:103:3)
           <asynchronous suspension>


[        ] Running 1 shutdown hook
[   +1 ms] Shutdown hooks complete
[  +31 ms] exiting with code 1
